// Jest Snapshot v1, https://goo.gl/fbAQLP

exports[`<Main /> should render heading 1`] = `
<div
  class="css-1xjsnt2"
>
  <h1
    class="chakra-text css-0"
  >
    Hello World
  </h1>
</div>
`
